#
# There is insufficient memory for the Java Runtime Environment to continue.
# Native memory allocation (malloc) failed to allocate 1253696 bytes. Error detail: Chunk::new
# Possible reasons:
#   The system is out of physical RAM or swap space
#   This process is running with CompressedOops enabled, and the Java Heap may be blocking the growth of the native heap
# Possible solutions:
#   Reduce memory load on the system
#   Increase physical memory or swap space
#   Check if swap backing store is full
#   Decrease Java heap size (-Xmx/-Xms)
#   Decrease number of Java threads
#   Decrease Java thread stack sizes (-Xss)
#   Set larger code cache with -XX:ReservedCodeCacheSize=
#   JVM is running with Unscaled Compressed Oops mode in which the Java heap is
#     placed in the first 4GB address space. The Java Heap base address is the
#     maximum limit for the native heap growth. Please use -XX:HeapBaseMinAddress
#     to set the Java Heap base and to place the Java Heap above 4GB virtual address.
# This output file may be truncated or incomplete.
#
#  Out of Memory Error (arena.cpp:168), pid=13672, tid=5952
#
# JRE version: OpenJDK Runtime Environment Temurin-21.0.12.1+1 (21.0.12.1+1) (build 21.0.12.1+1-LTS)
# Java VM: OpenJDK 64-Bit Server VM Temurin-21.0.12.1+1 (21.0.12.1+1-LTS, mixed mode, sharing, tiered, compressed oops, compressed class ptrs, parallel gc, windows-amd64)
# No core dump will be written. Minidumps are not enabled by default on client versions of Windows
#

---------------  S U M M A R Y ------------

Command Line: --add-modules=ALL-SYSTEM --add-opens=java.base/java.util=ALL-UNNAMED --add-opens=java.base/java.lang=ALL-UNNAMED --add-opens=java.base/sun.nio.fs=ALL-UNNAMED -Declipse.application=org.eclipse.jdt.ls.core.id1 -Dosgi.bundles.defaultStartLevel=4 -Declipse.product=org.eclipse.jdt.ls.core.product -Djava.import.generatesMetadataFilesAtProjectRoot=false -Dm2e.project.cache.size=50 -DDetectVMInstallationsJob.disabled=true -Dfile.encoding=utf8 -XX:+UseParallelGC -XX:GCTimeRatio=4 -XX:AdaptiveSizePolicyWeight=90 -Dsun.zip.disableMemoryMapping=true -Xmx2G -Xms100m -Xlog:disable -javaagent:c:\Users\hp\.vscode\extensions\redhat.java-1.56.0-win32-x64\lombok\lombok-1.18.39-4050.jar -XX:+HeapDumpOnOutOfMemoryError -XX:HeapDumpPath=c:\Users\hp\AppData\Roaming\Code\User\workspaceStorage\4b9fbf71458fac1f165e88de257f91c7\redhat.java -Daether.dependencyCollector.impl=bf c:\Users\hp\.vscode\extensions\redhat.java-1.56.0-win32-x64\server\plugins\org.eclipse.equinox.launcher_1.8.0.v20260804-1928.jar -configuration c:\Users\hp\AppData\Roaming\Code\User\globalStorage\redhat.java\1.56.0\config_win -data c:\Users\hp\AppData\Roaming\Code\User\workspaceStorage\4b9fbf71458fac1f165e88de257f91c7\redhat.java\jdt_ws --stdio

Host: AMD A9-9425 RADEON R5, 5 COMPUTE CORES 2C+3G   , 2 cores, 3G,  Windows 10 , 64 bit Build 19041 (10.0.19041.5915)
Time: Fri Sep 25 15:12:22 2026 India Standard Time elapsed time: 65.523159 seconds (0d 0h 1m 5s)

---------------  T H R E A D  ---------------

Current thread (0x00000170070b3b00):  JavaThread "C2 CompilerThread0" daemon [_thread_in_native, id=5952, stack(0x000000150ef00000,0x000000150f000000) (1024K)]


Current CompileTask:
C2:65523 7917       4       org.eclipse.jdt.internal.compiler.lookup.BinaryTypeBinding::createMethod (1666 bytes)

Stack: [0x000000150ef00000,0x000000150f000000]
Native frames: (J=compiled Java code, j=interpreted, Vv=VM code, C=native code)
V  [jvm.dll+0x6d83e9]
V  [jvm.dll+0x8b5736]
V  [jvm.dll+0x8b7cee]
V  [jvm.dll+0x8b83d3]
V  [jvm.dll+0x284596]
V  [jvm.dll+0xc685d]
V  [jvm.dll+0xc6da1]
V  [jvm.dll+0x2fb5ae]
V  [jvm.dll+0x5fee94]
V  [jvm.dll+0x255d67]
V  [jvm.dll+0x25612d]
V  [jvm.dll+0x24e6a0]
V  [jvm.dll+0x24bbe6]
V  [jvm.dll+0x1cb4ae]
V  [jvm.dll+0x25baad]
V  [jvm.dll+0x25a03a]
V  [jvm.dll+0x3f8aae]
V  [jvm.dll+0x8600cd]
V  [jvm.dll+0x6d6c1d]
C  [ucrtbase.dll+0x21bb2]
C  [KERNEL32.DLL+0x17374]
C  [ntdll.dll+0x4cc91]


---------------  P R O C E S S  ---------------

Threads class SMR info:
_java_thread_list=0x0000017066ac9df0, length=30, elements={
0x00000170072057e0, 0x00000170070a93e0, 0x00000170070aaea0, 0x00000170070aeb90,
0x00000170070af7f0, 0x00000170070b2260, 0x00000170070b2cc0, 0x00000170070b3b00,
0x0000017007124e30, 0x000001705f328040, 0x000001705f43ad20, 0x000001705f3ff870,
0x000001705f3bf7a0, 0x000001705f27ec40, 0x000001705f27f680, 0x000001706423d100,
0x000001705fd6a1d0, 0x000001705f859c30, 0x0000017064666ea0, 0x0000017064c1b070,
0x000001705f496380, 0x000001705f495cf0, 0x000001705f497730, 0x000001705f497dc0,
0x000001705f496a10, 0x000001705f4970a0, 0x000001705f495660, 0x000001705f498450,
0x00000170640fe850, 0x00000170640ff570
}

Java Threads: ( => current thread )
  0x00000170072057e0 JavaThread "<un-named>"                        [_thread_blocked, id=7484, stack(0x000000150e500000,0x000000150e600000) (1024K)]
  0x00000170070a93e0 JavaThread "<un-named>"                        [_thread_blocked, id=13320, stack(0x000000150e900000,0x000000150ea00000) (1024K)]
  0x00000170070aaea0 
[error occurred during error reporting (printing all threads), id 0xc0000005, EXCEPTION_ACCESS_VIOLATION (0xc0000005) at pc=0x00007ff867eb6500]
VM state: at safepoint (normal execution)

VM Mutex/Monitor currently owned by a thread:  ([mutex/lock_event])
[0x00007ff868a2f5b0] Threads_lock - owner thread: 0x00000170072bba70
[0x00007ff868a2f6b0] Heap_lock - owner thread: 0x00000170640fe850

Heap address: 0x0000000080000000, size: 2048 MB, Compressed Oops mode: 32-bit

CDS archive(s) mapped at: [0x000001701e000000-0x000001701eba0000-0x000001701eba0000), size 12189696, SharedBaseAddress: 0x000001701e000000, ArchiveRelocationMode: 1.
Compressed class space mapped at: 0x000001701f000000-0x000001705f000000, reserved size: 1073741824
Narrow klass base: 0x000001701e000000, Narrow klass shift: 0, Narrow klass range: 0x100000000

GC Precious Log:
 CardTable entry size: 512
 CPUs: 2 total, 2 available
 Memory: 3983M
 Large Page Support: Disabled
 NUMA Support: Disabled
 Compressed Oops: Enabled (32-bit)
 Alignments: Space 512K, Generation 512K, Heap 2M
 Heap Min Capacity: 100M
 Heap Initial Capacity: 100M
 Heap Max Capacity: 2G
 Pre-touch: Disabled
 Parallel Workers: 2

Heap:
 PSYoungGen      total 19968K, used 498K [0x00000000d5580000, 0x00000000d6f00000, 0x0000000100000000)
  eden space 19456K, 0% used [0x00000000d5580000,0x00000000d5580000,0x00000000d6880000)
  from space 512K, 97% used [0x00000000d6e80000,0x00000000d6efc928,0x00000000d6f00000)
  to   space 2048K, 0% used [0x00000000d6b00000,0x00000000d6b00000,0x00000000d6d00000)
 ParOldGen       total 68608K, used 46080K [0x0000000080000000, 0x0000000084300000, 0x00000000d5580000)
  object space 68608K, 67% used [0x0000000080000000,0x0000000082d003b8,0x0000000084300000)
 Metaspace       used 58376K, committed 59776K, reserved 1114112K
  class space    used 6263K, committed 6912K, reserved 1048576K

Card table byte_map: [0x0000017006bb0000,0x0000017006fc0000] _byte_map_base: 0x00000170067b0000

Marking Bits: (ParMarkBitMap*) 0x00007ff868a344a0
 Begin Bits: [0x00000170196c0000, 0x000001701b6c0000)
 End Bits:   [0x000001701b6c0000, 0x000001701d6c0000)

Polling page: 0x0000017004ef0000

Metaspace:

Usage:
  Non-class:     50.89 MB used.
      Class:      6.12 MB used.
       Both:     57.01 MB used.

Virtual space:
  Non-class space:       64.00 MB reserved,      51.62 MB ( 81%) committed,  1 nodes.
      Class space:        1.00 GB reserved,       6.75 MB ( <1%) committed,  1 nodes.
             Both:        1.06 GB reserved,      58.38 MB (  5%) committed. 

Chunk freelists:
   Non-Class:  12.31 MB
       Class:  9.09 MB
        Both:  21.41 MB

MaxMetaspaceSize: unlimited
CompressedClassSpaceSize: 1.00 GB
Initial GC threshold: 21.00 MB
Current GC threshold: 58.38 MB
CDS: on
 - commit_granule_bytes: 65536.
 - commit_granule_words: 8192.
 - virtual_space_node_default_size: 8388608.
 - enlarge_chunks_in_place: 1.
 - use_allocation_guard: 0.


Internal statistics:

num_allocs_failed_limit: 9.
num_arena_births: 1032.
num_arena_deaths: 14.
num_vsnodes_births: 2.
num_vsnodes_deaths: 0.
num_space_committed: 934.
num_space_uncommitted: 0.
num_chunks_returned_to_freelist: 23.
num_chunks_taken_from_freelist: 3683.
num_chunk_merges: 11.
num_chunk_splits: 2308.
num_chunks_enlarged: 1365.
num_inconsistent_stats: 0.

CodeHeap 'non-profiled nmethods': size=120064Kb used=4132Kb max_used=4331Kb free=115931Kb
 bounds [0x0000017011ed0000, 0x0000017012310000, 0x0000017019410000]
CodeHeap 'profiled nmethods': size=120000Kb used=15946Kb max_used=16825Kb free=104053Kb
 bounds [0x000001700a410000, 0x000001700b480000, 0x0000017011940000]
CodeHeap 'non-nmethods': size=5696Kb used=1412Kb max_used=1447Kb free=4283Kb
 bounds [0x0000017011940000, 0x0000017011bb0000, 0x0000017011ed0000]
CodeCache: size=245760Kb, used=21490Kb, max_used=22603Kb, free=224267Kb
 total_blobs=7878, nmethods=7152, adapters=633, full_count=0
Compilation: enabled, stopped_count=0, restarted_count=0

Compilation events (20 events):
Event: 65.086 Thread 0x0000017007124e30 7923       3       org.eclipse.jdt.internal.compiler.lookup.Scope::methodScope (25 bytes)
Event: 65.087 Thread 0x0000017007124e30 nmethod 7923 0x000001700b477890 code [0x000001700b477a60, 0x000001700b477e60]
Event: 65.088 Thread 0x0000017007124e30 7924       3       org.eclipse.jdt.internal.core.util.Util::splitOn (134 bytes)
Event: 65.090 Thread 0x0000017007124e30 nmethod 7924 0x000001700b477f90 code [0x000001700b478260, 0x000001700b479490]
Event: 65.099 Thread 0x0000017007124e30 7925       3       org.eclipse.jdt.internal.compiler.codegen.VerificationTypeInfo::<init> (131 bytes)
Event: 65.099 Thread 0x0000017007124e30 nmethod 7925 0x000001700b479c10 code [0x000001700b479e00, 0x000001700b47a258]
Event: 65.118 Thread 0x00000170070b3b00 nmethod 7908 0x0000017012309890 code [0x0000017012309a80, 0x000001701230a780]
Event: 65.119 Thread 0x00000170070b3b00 7917       4       org.eclipse.jdt.internal.compiler.lookup.BinaryTypeBinding::createMethod (1666 bytes)
Event: 65.147 Thread 0x0000017007124e30 7926       3       java.lang.invoke.Invokers::basicInvoker (103 bytes)
Event: 65.148 Thread 0x0000017007124e30 nmethod 7926 0x000001700b47a390 code [0x000001700b47a640, 0x000001700b47aff0]
Event: 65.149 Thread 0x0000017007124e30 7927       3       java.lang.invoke.LambdaForm::create (14 bytes)
Event: 65.149 Thread 0x0000017007124e30 nmethod 7927 0x000001700b47b490 code [0x000001700b47b640, 0x000001700b47b770]
Event: 65.153 Thread 0x0000017007124e30 7928       3       java.util.concurrent.atomic.AtomicLong::incrementAndGet (14 bytes)
Event: 65.154 Thread 0x0000017007124e30 nmethod 7928 0x000001700b47b810 code [0x000001700b47b9a0, 0x000001700b47bac8]
Event: 65.204 Thread 0x0000017007124e30 7929       3       java.lang.Class::isAnonymousClass (27 bytes)
Event: 65.205 Thread 0x0000017007124e30 nmethod 7929 0x000001700b47bb90 code [0x000001700b47bd80, 0x000001700b47c110]
Event: 65.205 Thread 0x0000017007124e30 7930       3       java.lang.Class::isLocalClass (27 bytes)
Event: 65.205 Thread 0x0000017007124e30 nmethod 7930 0x000001700b47c290 code [0x000001700b47c480, 0x000001700b47c810]
Event: 65.283 Thread 0x0000017007124e30 7931       3       org.eclipse.osgi.internal.framework.BundleContextImpl::getBundle (5 bytes)
Event: 65.284 Thread 0x0000017007124e30 nmethod 7931 0x000001700b47c990 code [0x000001700b47cb20, 0x000001700b47cc58]

GC Heap History (20 events):
Event: 53.348 GC heap before
{Heap before GC invocations=22 (full 2):
 PSYoungGen      total 23552K, used 23520K [0x00000000d5580000, 0x00000000d7100000, 0x0000000100000000)
  eden space 22016K, 100% used [0x00000000d5580000,0x00000000d6b00000,0x00000000d6b00000)
  from space 1536K, 97% used [0x00000000d6c00000,0x00000000d6d78030,0x00000000d6d80000)
  to   space 3072K, 0% used [0x00000000d6e00000,0x00000000d6e00000,0x00000000d7100000)
 ParOldGen       total 68608K, used 24973K [0x0000000080000000, 0x0000000084300000, 0x00000000d5580000)
  object space 68608K, 36% used [0x0000000080000000,0x0000000081863610,0x0000000084300000)
 Metaspace       used 47973K, committed 49152K, reserved 1114112K
  class space    used 5200K, committed 5696K, reserved 1048576K
}
Event: 53.364 GC heap after
{Heap after GC invocations=22 (full 2):
 PSYoungGen      total 22528K, used 3042K [0x00000000d5580000, 0x00000000d7600000, 0x0000000100000000)
  eden space 19456K, 0% used [0x00000000d5580000,0x00000000d5580000,0x00000000d6880000)
  from space 3072K, 99% used [0x00000000d6e00000,0x00000000d70f8810,0x00000000d7100000)
  to   space 5632K, 0% used [0x00000000d6880000,0x00000000d6880000,0x00000000d6e00000)
 ParOldGen       total 68608K, used 27027K [0x0000000080000000, 0x0000000084300000, 0x00000000d5580000)
  object space 68608K, 39% used [0x0000000080000000,0x0000000081a64e50,0x0000000084300000)
 Metaspace       used 47973K, committed 49152K, reserved 1114112K
  class space    used 5200K, committed 5696K, reserved 1048576K
}
Event: 54.098 GC heap before
{Heap before GC invocations=23 (full 2):
 PSYoungGen      total 22528K, used 22498K [0x00000000d5580000, 0x00000000d7600000, 0x0000000100000000)
  eden space 19456K, 100% used [0x00000000d5580000,0x00000000d6880000,0x00000000d6880000)
  from space 3072K, 99% used [0x00000000d6e00000,0x00000000d70f8810,0x00000000d7100000)
  to   space 5632K, 0% used [0x00000000d6880000,0x00000000d6880000,0x00000000d6e00000)
 ParOldGen       total 68608K, used 27027K [0x0000000080000000, 0x0000000084300000, 0x00000000d5580000)
  object space 68608K, 39% used [0x0000000080000000,0x0000000081a64e50,0x0000000084300000)
 Metaspace       used 47998K, committed 49152K, reserved 1114112K
  class space    used 5200K, committed 5696K, reserved 1048576K
}
Event: 54.114 GC heap after
{Heap after GC invocations=23 (full 2):
 PSYoungGen      total 23040K, used 3300K [0x00000000d5580000, 0x00000000d7080000, 0x0000000100000000)
  eden space 19456K, 0% used [0x00000000d5580000,0x00000000d5580000,0x00000000d6880000)
  from space 3584K, 92% used [0x00000000d6880000,0x00000000d6bb9000,0x00000000d6c00000)
  to   space 4096K, 0% used [0x00000000d6c80000,0x00000000d6c80000,0x00000000d7080000)
 ParOldGen       total 68608K, used 29983K [0x0000000080000000, 0x0000000084300000, 0x00000000d5580000)
  object space 68608K, 43% used [0x0000000080000000,0x0000000081d47e10,0x0000000084300000)
 Metaspace       used 47998K, committed 49152K, reserved 1114112K
  class space    used 5200K, committed 5696K, reserved 1048576K
}
Event: 54.602 GC heap before
{Heap before GC invocations=24 (full 2):
 PSYoungGen      total 23040K, used 22756K [0x00000000d5580000, 0x00000000d7080000, 0x0000000100000000)
  eden space 19456K, 100% used [0x00000000d5580000,0x00000000d6880000,0x00000000d6880000)
  from space 3584K, 92% used [0x00000000d6880000,0x00000000d6bb9000,0x00000000d6c00000)
  to   space 4096K, 0% used [0x00000000d6c80000,0x00000000d6c80000,0x00000000d7080000)
 ParOldGen       total 68608K, used 29983K [0x0000000080000000, 0x0000000084300000, 0x00000000d5580000)
  object space 68608K, 43% used [0x0000000080000000,0x0000000081d47e10,0x0000000084300000)
 Metaspace       used 48099K, committed 49344K, reserved 1114112K
  class space    used 5204K, committed 5696K, reserved 1048576K
}
Event: 54.622 GC heap after
{Heap after GC invocations=24 (full 2):
 PSYoungGen      total 23040K, used 3232K [0x00000000d5580000, 0x00000000d7000000, 0x0000000100000000)
  eden space 19456K, 0% used [0x00000000d5580000,0x00000000d5580000,0x00000000d6880000)
  from space 3584K, 90% used [0x00000000d6c80000,0x00000000d6fa8010,0x00000000d7000000)
  to   space 3584K, 0% used [0x00000000d6880000,0x00000000d6880000,0x00000000d6c00000)
 ParOldGen       total 68608K, used 33207K [0x0000000080000000, 0x0000000084300000, 0x00000000d5580000)
  object space 68608K, 48% used [0x0000000080000000,0x000000008206df10,0x0000000084300000)
 Metaspace       used 48099K, committed 49344K, reserved 1114112K
  class space    used 5204K, committed 5696K, reserved 1048576K
}
Event: 55.735 GC heap before
{Heap before GC invocations=25 (full 2):
 PSYoungGen      total 23040K, used 22688K [0x00000000d5580000, 0x00000000d7000000, 0x0000000100000000)
  eden space 19456K, 100% used [0x00000000d5580000,0x00000000d6880000,0x00000000d6880000)
  from space 3584K, 90% used [0x00000000d6c80000,0x00000000d6fa8010,0x00000000d7000000)
  to   space 3584K, 0% used [0x00000000d6880000,0x00000000d6880000,0x00000000d6c00000)
 ParOldGen       total 68608K, used 33207K [0x0000000080000000, 0x0000000084300000, 0x00000000d5580000)
  object space 68608K, 48% used [0x0000000080000000,0x000000008206df10,0x0000000084300000)
 Metaspace       used 48567K, committed 49792K, reserved 1114112K
  class space    used 5250K, committed 5760K, reserved 1048576K
}
Event: 55.754 GC heap after
{Heap after GC invocations=25 (full 2):
 PSYoungGen      total 23040K, used 3552K [0x00000000d5580000, 0x00000000d7880000, 0x0000000100000000)
  eden space 19456K, 0% used [0x00000000d5580000,0x00000000d5580000,0x00000000d6880000)
  from space 3584K, 99% used [0x00000000d6880000,0x00000000d6bf8200,0x00000000d6c00000)
  to   space 8192K, 0% used [0x00000000d7080000,0x00000000d7080000,0x00000000d7880000)
 ParOldGen       total 68608K, used 36989K [0x0000000080000000, 0x0000000084300000, 0x00000000d5580000)
  object space 68608K, 53% used [0x0000000080000000,0x000000008241f638,0x0000000084300000)
 Metaspace       used 48567K, committed 49792K, reserved 1114112K
  class space    used 5250K, committed 5760K, reserved 1048576K
}
Event: 57.412 GC heap before
{Heap before GC invocations=26 (full 2):
 PSYoungGen      total 23040K, used 22998K [0x00000000d5580000, 0x00000000d7880000, 0x0000000100000000)
  eden space 19456K, 99% used [0x00000000d5580000,0x00000000d687d848,0x00000000d6880000)
  from space 3584K, 99% used [0x00000000d6880000,0x00000000d6bf8200,0x00000000d6c00000)
  to   space 8192K, 0% used [0x00000000d7080000,0x00000000d7080000,0x00000000d7880000)
 ParOldGen       total 68608K, used 36989K [0x0000000080000000, 0x0000000084300000, 0x00000000d5580000)
  object space 68608K, 53% used [0x0000000080000000,0x000000008241f638,0x0000000084300000)
 Metaspace       used 50216K, committed 51456K, reserved 1114112K
  class space    used 5462K, committed 6016K, reserved 1048576K
}
Event: 57.425 GC heap after
{Heap after GC invocations=26 (full 2):
 PSYoungGen      total 22016K, used 2085K [0x00000000d5580000, 0x00000000d7300000, 0x0000000100000000)
  eden space 19456K, 0% used [0x00000000d5580000,0x00000000d5580000,0x00000000d6880000)
  from space 2560K, 81% used [0x00000000d7080000,0x00000000d7289780,0x00000000d7300000)
  to   space 4096K, 0% used [0x00000000d6b00000,0x00000000d6b00000,0x00000000d6f00000)
 ParOldGen       total 68608K, used 40530K [0x0000000080000000, 0x0000000084300000, 0x00000000d5580000)
  object space 68608K, 59% used [0x0000000080000000,0x00000000827948c0,0x0000000084300000)
 Metaspace       used 50216K, committed 51456K, reserved 1114112K
  class space    used 5462K, committed 6016K, reserved 1048576K
}
Event: 59.041 GC heap before
{Heap before GC invocations=27 (full 2):
 PSYoungGen      total 22016K, used 21541K [0x00000000d5580000, 0x00000000d7300000, 0x0000000100000000)
  eden space 19456K, 100% used [0x00000000d5580000,0x00000000d6880000,0x00000000d6880000)
  from space 2560K, 81% used [0x00000000d7080000,0x00000000d7289780,0x00000000d7300000)
  to   space 4096K, 0% used [0x00000000d6b00000,0x00000000d6b00000,0x00000000d6f00000)
 ParOldGen       total 68608K, used 40530K [0x0000000080000000, 0x0000000084300000, 0x00000000d5580000)
  object space 68608K, 59% used [0x0000000080000000,0x00000000827948c0,0x0000000084300000)
 Metaspace       used 51565K, committed 52864K, reserved 1114112K
  class space    used 5615K, committed 6208K, reserved 1048576K
}
Event: 59.047 GC heap after
{Heap after GC invocations=27 (full 2):
 PSYoungGen      total 23552K, used 480K [0x00000000d5580000, 0x00000000d7100000, 0x0000000100000000)
  eden space 19456K, 0% used [0x00000000d5580000,0x00000000d5580000,0x00000000d6880000)
  from space 4096K, 11% used [0x00000000d6b00000,0x00000000d6b78000,0x00000000d6f00000)
  to   space 1536K, 0% used [0x00000000d6f80000,0x00000000d6f80000,0x00000000d7100000)
 ParOldGen       total 68608K, used 42528K [0x0000000080000000, 0x0000000084300000, 0x00000000d5580000)
  object space 68608K, 61% used [0x0000000080000000,0x00000000829881a8,0x0000000084300000)
 Metaspace       used 51565K, committed 52864K, reserved 1114112K
  class space    used 5615K, committed 6208K, reserved 1048576K
}
Event: 59.967 GC heap before
{Heap before GC invocations=28 (full 2):
 PSYoungGen      total 23552K, used 19901K [0x00000000d5580000, 0x00000000d7100000, 0x0000000100000000)
  eden space 19456K, 99% used [0x00000000d5580000,0x00000000d68777c0,0x00000000d6880000)
  from space 4096K, 11% used [0x00000000d6b00000,0x00000000d6b78000,0x00000000d6f00000)
  to   space 1536K, 0% used [0x00000000d6f80000,0x00000000d6f80000,0x00000000d7100000)
 ParOldGen       total 68608K, used 42528K [0x0000000080000000, 0x0000000084300000, 0x00000000d5580000)
  object space 68608K, 61% used [0x0000000080000000,0x00000000829881a8,0x0000000084300000)
 Metaspace       used 53056K, committed 54400K, reserved 1114112K
  class space    used 5751K, committed 6336K, reserved 1048576K
}
Event: 59.975 GC heap after
{Heap after GC invocations=28 (full 2):
 PSYoungGen      total 20992K, used 1514K [0x00000000d5580000, 0x00000000d7100000, 0x0000000100000000)
  eden space 19456K, 0% used [0x00000000d5580000,0x00000000d5580000,0x00000000d6880000)
  from space 1536K, 98% used [0x00000000d6f80000,0x00000000d70fa820,0x00000000d7100000)
  to   space 3072K, 0% used [0x00000000d6b00000,0x00000000d6b00000,0x00000000d6e00000)
 ParOldGen       total 68608K, used 43262K [0x0000000080000000, 0x0000000084300000, 0x00000000d5580000)
  object space 68608K, 63% used [0x0000000080000000,0x0000000082a3f960,0x0000000084300000)
 Metaspace       used 53056K, committed 54400K, reserved 1114112K
  class space    used 5751K, committed 6336K, reserved 1048576K
}
Event: 60.199 GC heap before
{Heap before GC invocations=29 (full 2):
 PSYoungGen      total 20992K, used 20970K [0x00000000d5580000, 0x00000000d7100000, 0x0000000100000000)
  eden space 19456K, 100% used [0x00000000d5580000,0x00000000d6880000,0x00000000d6880000)
  from space 1536K, 98% used [0x00000000d6f80000,0x00000000d70fa820,0x00000000d7100000)
  to   space 3072K, 0% used [0x00000000d6b00000,0x00000000d6b00000,0x00000000d6e00000)
 ParOldGen       total 68608K, used 43262K [0x0000000080000000, 0x0000000084300000, 0x00000000d5580000)
  object space 68608K, 63% used [0x0000000080000000,0x0000000082a3f960,0x0000000084300000)
 Metaspace       used 53085K, committed 54400K, reserved 1114112K
  class space    used 5751K, committed 6336K, reserved 1048576K
}
Event: 60.205 GC heap after
{Heap after GC invocations=29 (full 2):
 PSYoungGen      total 22528K, used 841K [0x00000000d5580000, 0x00000000d7000000, 0x0000000100000000)
  eden space 19456K, 0% used [0x00000000d5580000,0x00000000d5580000,0x00000000d6880000)
  from space 3072K, 27% used [0x00000000d6b00000,0x00000000d6bd26d8,0x00000000d6e00000)
  to   space 1536K, 0% used [0x00000000d6e80000,0x00000000d6e80000,0x00000000d7000000)
 ParOldGen       total 68608K, used 44258K [0x0000000080000000, 0x0000000084300000, 0x00000000d5580000)
  object space 68608K, 64% used [0x0000000080000000,0x0000000082b38b08,0x0000000084300000)
 Metaspace       used 53085K, committed 54400K, reserved 1114112K
  class space    used 5751K, committed 6336K, reserved 1048576K
}
Event: 60.541 GC heap before
{Heap before GC invocations=30 (full 2):
 PSYoungGen      total 22528K, used 20297K [0x00000000d5580000, 0x00000000d7000000, 0x0000000100000000)
  eden space 19456K, 100% used [0x00000000d5580000,0x00000000d6880000,0x00000000d6880000)
  from space 3072K, 27% used [0x00000000d6b00000,0x00000000d6bd26d8,0x00000000d6e00000)
  to   space 1536K, 0% used [0x00000000d6e80000,0x00000000d6e80000,0x00000000d7000000)
 ParOldGen       total 68608K, used 44258K [0x0000000080000000, 0x0000000084300000, 0x00000000d5580000)
  object space 68608K, 64% used [0x0000000080000000,0x0000000082b38b08,0x0000000084300000)
 Metaspace       used 54019K, committed 55296K, reserved 1114112K
  class space    used 5838K, committed 6400K, reserved 1048576K
}
Event: 60.543 GC heap after
{Heap after GC invocations=30 (full 2):
 PSYoungGen      total 19968K, used 128K [0x00000000d5580000, 0x00000000d6f00000, 0x0000000100000000)
  eden space 19456K, 0% used [0x00000000d5580000,0x00000000d5580000,0x00000000d6880000)
  from space 512K, 25% used [0x00000000d6e80000,0x00000000d6ea0000,0x00000000d6f00000)
  to   space 512K, 0% used [0x00000000d6e00000,0x00000000d6e00000,0x00000000d6e80000)
 ParOldGen       total 68608K, used 44266K [0x0000000080000000, 0x0000000084300000, 0x00000000d5580000)
  object space 68608K, 64% used [0x0000000080000000,0x0000000082b3ab08,0x0000000084300000)
 Metaspace       used 54019K, committed 55296K, reserved 1114112K
  class space    used 5838K, committed 6400K, reserved 1048576K
}
Event: 63.238 GC heap before
{Heap before GC invocations=31 (full 2):
 PSYoungGen      total 19968K, used 19563K [0x00000000d5580000, 0x00000000d6f00000, 0x0000000100000000)
  eden space 19456K, 99% used [0x00000000d5580000,0x00000000d687aea0,0x00000000d6880000)
  from space 512K, 25% used [0x00000000d6e80000,0x00000000d6ea0000,0x00000000d6f00000)
  to   space 512K, 0% used [0x00000000d6e00000,0x00000000d6e00000,0x00000000d6e80000)
 ParOldGen       total 68608K, used 44266K [0x0000000080000000, 0x0000000084300000, 0x00000000d5580000)
  object space 68608K, 64% used [0x0000000080000000,0x0000000082b3ab08,0x0000000084300000)
 Metaspace       used 56106K, committed 57472K, reserved 1114112K
  class space    used 6024K, committed 6656K, reserved 1048576K
}
Event: 63.247 GC heap after
{Heap after GC invocations=31 (full 2):
 PSYoungGen      total 19968K, used 501K [0x00000000d5580000, 0x00000000d6f00000, 0x0000000100000000)
  eden space 19456K, 0% used [0x00000000d5580000,0x00000000d5580000,0x00000000d6880000)
  from space 512K, 97% used [0x00000000d6e00000,0x00000000d6e7d650,0x00000000d6e80000)
  to   space 512K, 0% used [0x00000000d6e80000,0x00000000d6e80000,0x00000000d6f00000)
 ParOldGen       total 68608K, used 44921K [0x0000000080000000, 0x0000000084300000, 0x00000000d5580000)
  object space 68608K, 65% used [0x0000000080000000,0x0000000082bde638,0x0000000084300000)
 Metaspace       used 56106K, committed 57472K, reserved 1114112K
  class space    used 6024K, committed 6656K, reserved 1048576K
}

Dll operation events (20 events):
Event: 0.108 Attempting to load shared library c:\Users\hp\.vscode\extensions\redhat.java-1.56.0-win32-x64\jre\21.0.12.1-win32-x86_64\bin\java.dll
Event: 0.108 Loaded shared library c:\Users\hp\.vscode\extensions\redhat.java-1.56.0-win32-x64\jre\21.0.12.1-win32-x86_64\bin\java.dll
Event: 0.839 Attempting to load shared library c:\Users\hp\.vscode\extensions\redhat.java-1.56.0-win32-x64\jre\21.0.12.1-win32-x86_64\bin\zip.dll
Event: 0.840 Loaded shared library c:\Users\hp\.vscode\extensions\redhat.java-1.56.0-win32-x64\jre\21.0.12.1-win32-x86_64\bin\zip.dll
Event: 1.051 Attempting to load shared library C:\Users\hp\.vscode\extensions\redhat.java-1.56.0-win32-x64\jre\21.0.12.1-win32-x86_64\bin\instrument.dll
Event: 1.051 Loaded shared library C:\Users\hp\.vscode\extensions\redhat.java-1.56.0-win32-x64\jre\21.0.12.1-win32-x86_64\bin\instrument.dll
Event: 1.129 Attempting to load shared library C:\Users\hp\.vscode\extensions\redhat.java-1.56.0-win32-x64\jre\21.0.12.1-win32-x86_64\bin\net.dll
Event: 1.139 Loaded shared library C:\Users\hp\.vscode\extensions\redhat.java-1.56.0-win32-x64\jre\21.0.12.1-win32-x86_64\bin\net.dll
Event: 1.145 Attempting to load shared library C:\Users\hp\.vscode\extensions\redhat.java-1.56.0-win32-x64\jre\21.0.12.1-win32-x86_64\bin\nio.dll
Event: 1.153 Loaded shared library C:\Users\hp\.vscode\extensions\redhat.java-1.56.0-win32-x64\jre\21.0.12.1-win32-x86_64\bin\nio.dll
Event: 1.169 Attempting to load shared library C:\Users\hp\.vscode\extensions\redhat.java-1.56.0-win32-x64\jre\21.0.12.1-win32-x86_64\bin\zip.dll
Event: 1.169 Loaded shared library C:\Users\hp\.vscode\extensions\redhat.java-1.56.0-win32-x64\jre\21.0.12.1-win32-x86_64\bin\zip.dll
Event: 1.341 Attempting to load shared library C:\Users\hp\.vscode\extensions\redhat.java-1.56.0-win32-x64\jre\21.0.12.1-win32-x86_64\bin\jimage.dll
Event: 1.341 Loaded shared library C:\Users\hp\.vscode\extensions\redhat.java-1.56.0-win32-x64\jre\21.0.12.1-win32-x86_64\bin\jimage.dll
Event: 2.027 Attempting to load shared library c:\Users\hp\.vscode\extensions\redhat.java-1.56.0-win32-x64\jre\21.0.12.1-win32-x86_64\bin\verify.dll
Event: 2.077 Loaded shared library c:\Users\hp\.vscode\extensions\redhat.java-1.56.0-win32-x64\jre\21.0.12.1-win32-x86_64\bin\verify.dll
Event: 13.275 Attempting to load shared library C:\Users\hp\AppData\Roaming\Code\User\globalStorage\redhat.java\1.56.0\config_win\org.eclipse.equinox.launcher\org.eclipse.equinox.launcher.win32.win32.x86_64_1.3.100.v20260804-1928\eclipse_11924.dll
Event: 13.298 Loaded shared library C:\Users\hp\AppData\Roaming\Code\User\globalStorage\redhat.java\1.56.0\config_win\org.eclipse.equinox.launcher\org.eclipse.equinox.launcher.win32.win32.x86_64_1.3.100.v20260804-1928\eclipse_11924.dll
Event: 25.671 Attempting to load shared library C:\Users\hp\AppData\Local\Temp\jna-3336\jna7784056631248710919.dll
Event: 29.615 Loaded shared library C:\Users\hp\AppData\Local\Temp\jna-3336\jna7784056631248710919.dll

Deoptimization events (20 events):
Event: 64.822 Thread 0x00000170640fe850 Uncommon trap: trap_request=0xffffff45 fr.pc=0x00000170122d9ef4 relative=0x0000000000000234
Event: 64.822 Thread 0x00000170640fe850 Uncommon trap: reason=unstable_if action=reinterpret pc=0x00000170122d9ef4 method=java.util.Arrays.hashCode([C)I @ 8 c2
Event: 64.822 Thread 0x00000170640fe850 DEOPT PACKING pc=0x00000170122d9ef4 sp=0x00000015107fd5b0
Event: 64.822 Thread 0x00000170640fe850 DEOPT UNPACKING pc=0x0000017011993aa2 sp=0x00000015107fd4e8 mode 2
Event: 64.822 Thread 0x00000170640fe850 Uncommon trap: trap_request=0xffffff45 fr.pc=0x000001701219846c relative=0x000000000000022c
Event: 64.822 Thread 0x00000170640fe850 Uncommon trap: reason=unstable_if action=reinterpret pc=0x000001701219846c method=java.util.Arrays.hashCode([C)I @ 8 c2
Event: 64.822 Thread 0x00000170640fe850 DEOPT PACKING pc=0x000001701219846c sp=0x00000015107fd540
Event: 64.822 Thread 0x00000170640fe850 DEOPT UNPACKING pc=0x0000017011993aa2 sp=0x00000015107fd4e0 mode 2
Event: 64.834 Thread 0x0000017064c1b070 Uncommon trap: trap_request=0xffffff45 fr.pc=0x000001701225de60 relative=0x00000000000000c0
Event: 64.834 Thread 0x0000017064c1b070 Uncommon trap: reason=unstable_if action=reinterpret pc=0x000001701225de60 method=java.util.Hashtable$Enumerator.nextElement()Ljava/lang/Object; @ 87 c2
Event: 64.834 Thread 0x0000017064c1b070 DEOPT PACKING pc=0x000001701225de60 sp=0x000000150fcfe950
Event: 64.834 Thread 0x0000017064c1b070 DEOPT UNPACKING pc=0x0000017011993aa2 sp=0x000000150fcfe870 mode 2
Event: 65.032 Thread 0x0000017064c1b070 DEOPT PACKING pc=0x000001700b3f9c6c sp=0x000000150fcfd430
Event: 65.032 Thread 0x0000017064c1b070 DEOPT UNPACKING pc=0x0000017011994242 sp=0x000000150fcfc8b8 mode 0
Event: 65.039 Thread 0x0000017064c1b070 DEOPT PACKING pc=0x000001700b3f9c6c sp=0x000000150fcfd2e0
Event: 65.039 Thread 0x0000017064c1b070 DEOPT UNPACKING pc=0x0000017011994242 sp=0x000000150fcfc768 mode 0
Event: 65.100 Thread 0x0000017064c1b070 Uncommon trap: trap_request=0xffffff45 fr.pc=0x000001701225d6b8 relative=0x0000000000000098
Event: 65.100 Thread 0x0000017064c1b070 Uncommon trap: reason=unstable_if action=reinterpret pc=0x000001701225d6b8 method=java.util.Hashtable$Enumerator.nextElement()Ljava/lang/Object; @ 87 c2
Event: 65.100 Thread 0x0000017064c1b070 DEOPT PACKING pc=0x000001701225d6b8 sp=0x000000150fcfe910
Event: 65.100 Thread 0x0000017064c1b070 DEOPT UNPACKING pc=0x0000017011993aa2 sp=0x000000150fcfe890 mode 2

Classes loaded (20 events):
Event: 56.065 Loading class java/util/Collections$SynchronizedList done
Event: 56.065 Loading class java/util/Collections$SynchronizedRandomAccessList done
Event: 56.429 Loading class java/util/concurrent/CompletableFuture$Signaller
Event: 56.429 Loading class java/util/concurrent/CompletableFuture$Signaller done
Event: 58.653 Loading class java/util/Vector$1
Event: 58.653 Loading class java/util/Vector$1 done
Event: 60.962 Loading class java/util/Hashtable$ValueCollection
Event: 60.962 Loading class java/util/Hashtable$ValueCollection done
Event: 61.342 Loading class java/nio/charset/CharacterCodingException
Event: 61.343 Loading class java/nio/charset/CharacterCodingException done
Event: 61.343 Loading class java/io/SequenceInputStream
Event: 61.343 Loading class java/io/SequenceInputStream done
Event: 62.150 Loading class java/util/WeakHashMap$KeyIterator
Event: 62.150 Loading class java/util/WeakHashMap$KeyIterator done
Event: 62.552 Loading class java/lang/UnsupportedClassVersionError
Event: 62.552 Loading class java/lang/UnsupportedClassVersionError done
Event: 63.383 Loading class java/util/stream/ReduceOps$4
Event: 63.383 Loading class java/util/stream/ReduceOps$4 done
Event: 63.383 Loading class java/util/stream/ReduceOps$4ReducingSink
Event: 63.401 Loading class java/util/stream/ReduceOps$4ReducingSink done

Classes unloaded (7 events):
Event: 32.412 Thread 0x00000170072bba70 Unloading class 0x000001701f1a5000 'java/lang/invoke/LambdaForm$MH+0x000001701f1a5000'
Event: 32.412 Thread 0x00000170072bba70 Unloading class 0x000001701f1a4c00 'java/lang/invoke/LambdaForm$MH+0x000001701f1a4c00'
Event: 32.412 Thread 0x00000170072bba70 Unloading class 0x000001701f1a4800 'java/lang/invoke/LambdaForm$MH+0x000001701f1a4800'
Event: 32.412 Thread 0x00000170072bba70 Unloading class 0x000001701f1a4400 'java/lang/invoke/LambdaForm$MH+0x000001701f1a4400'
Event: 32.412 Thread 0x00000170072bba70 Unloading class 0x000001701f1a4000 'java/lang/invoke/LambdaForm$BMH+0x000001701f1a4000'
Event: 32.412 Thread 0x00000170072bba70 Unloading class 0x000001701f1a3c00 'java/lang/invoke/LambdaForm$DMH+0x000001701f1a3c00'
Event: 32.412 Thread 0x00000170072bba70 Unloading class 0x000001701f1a2800 'java/lang/invoke/LambdaForm$DMH+0x000001701f1a2800'

Classes redefined (0 events):
No events

Internal exceptions (20 events):
Event: 55.280 Thread 0x000001705f495cf0 Exception <a 'sun/nio/fs/WindowsException'{0x00000000d6593848}> (0x00000000d6593848) 
thrown [s\src\hotspot\share\prims\jni.cpp, line 520]
Event: 55.312 Thread 0x000001705f495cf0 Exception <a 'sun/nio/fs/WindowsException'{0x00000000d6613320}> (0x00000000d6613320) 
thrown [s\src\hotspot\share\prims\jni.cpp, line 520]
Event: 55.732 Thread 0x00000170640fe850 Exception <a 'java/lang/IncompatibleClassChangeError'{0x00000000d6863668}: Found class java.lang.Object, but interface was expected> (0x00000000d6863668) 
thrown [s\src\hotspot\share\interpreter\linkResolver.cpp, line 840]
Event: 56.895 Thread 0x0000017064c1b070 Exception <a 'sun/nio/fs/WindowsException'{0x00000000d630ceb8}> (0x00000000d630ceb8) 
thrown [s\src\hotspot\share\prims\jni.cpp, line 520]
Event: 56.909 Thread 0x0000017064c1b070 Exception <a 'sun/nio/fs/WindowsException'{0x00000000d630d238}> (0x00000000d630d238) 
thrown [s\src\hotspot\share\prims\jni.cpp, line 520]
Event: 57.899 Thread 0x00000170640fdb30 Exception <a 'java/lang/LinkageError'{0x00000000d59cd048}: loader lombok.launch.ShadowClassLoader @471f6664 attempted duplicate class definition for lombok.launch.PatchFixesHider$Transform. (lombok.launch.PatchFixesHider$Transform is in unnamed module of loader lombok.launch.ShadowClassLoader @471f6664, parent loader org.eclipse.osgi.internal.loader.EquinoxClassLoader @786132d2)> (0x00000000d59cd048) 
thrown [s\src\hotspot\share\classfile\systemDictionary.cpp, line 1673]
Event: 57.900 Thread 0x00000170640fc0f0 Exception <a 'java/lang/LinkageError'{0x00000000d59e4638}: loader lombok.launch.ShadowClassLoader @471f6664 attempted duplicate class definition for lombok.launch.PatchFixesHider$Transform. (lombok.launch.PatchFixesHider$Transform is in unnamed module of loader lombok.launch.ShadowClassLoader @471f6664, parent loader org.eclipse.osgi.internal.loader.EquinoxClassLoader @786132d2)> (0x00000000d59e4638) 
thrown [s\src\hotspot\share\classfile\systemDictionary.cpp, line 1673]
Event: 57.900 Thread 0x0000017064b63420 Exception <a 'java/lang/LinkageError'{0x00000000d59b3730}: loader lombok.launch.ShadowClassLoader @471f6664 attempted duplicate class definition for lombok.launch.PatchFixesHider$Transform. (lombok.launch.PatchFixesHider$Transform is in unnamed module of loader lombok.launch.ShadowClassLoader @471f6664, parent loader org.eclipse.osgi.internal.loader.EquinoxClassLoader @786132d2)> (0x00000000d59b3730) 
thrown [s\src\hotspot\share\classfile\systemDictionary.cpp, line 1673]
Event: 62.102 Thread 0x00000170640fe850 Exception <a 'java/io/FileNotFoundException'{0x00000000d62735a0}> (0x00000000d62735a0) 
thrown [s\src\hotspot\share\prims\jni.cpp, line 520]
Event: 62.103 Thread 0x00000170640fe850 Exception <a 'java/io/FileNotFoundException'{0x00000000d62745a8}> (0x00000000d62745a8) 
thrown [s\src\hotspot\share\prims\jni.cpp, line 520]
Event: 62.862 Thread 0x0000017064c1b070 Exception <a 'java/lang/NoSuchMethodError'{0x00000000d6522730}: 'java.lang.Object java.lang.invoke.DirectMethodHandle$Holder.invokeSpecial(java.lang.Object, java.lang.Object, int, long)'> (0x00000000d6522730) 
thrown [s\src\hotspot\share\interpreter\linkResolver.cpp, line 773]
Event: 62.883 Thread 0x00000170640fe850 Exception <a 'java/lang/NoSuchMethodError'{0x00000000d6592568}: 'int java.lang.invoke.Invokers$Holder.invokeExact_MT(java.lang.Object, java.lang.Object)'> (0x00000000d6592568) 
thrown [s\src\hotspot\share\interpreter\linkResolver.cpp, line 773]
Event: 63.130 Thread 0x00000170640fe850 Exception <a 'java/lang/IncompatibleClassChangeError'{0x00000000d674b490}: Found class java.lang.Object, but interface was expected> (0x00000000d674b490) 
thrown [s\src\hotspot\share\interpreter\linkResolver.cpp, line 840]
Event: 63.413 Thread 0x00000170640fe850 Exception <a 'java/lang/NoSuchMethodError'{0x00000000d575dff0}: 'int java.lang.invoke.DirectMethodHandle$Holder.invokeSpecialIFC(java.lang.Object, java.lang.Object, java.lang.Object)'> (0x00000000d575dff0) 
thrown [s\src\hotspot\share\interpreter\linkResolver.cpp, line 773]
Event: 63.951 Thread 0x0000017064c1b070 Implicit null exception at 0x00000170122dc1ab to 0x00000170122dcc54
Event: 64.335 Thread 0x0000017064c1b070 Exception <a 'java/lang/LinkageError'{0x00000000d5e31f48}: loader lombok.launch.ShadowClassLoader @471f6664 attempted duplicate class definition for lombok.launch.PatchFixesHider$Val. (lombok.launch.PatchFixesHider$Val is in unnamed module of loader lombok.launch.ShadowClassLoader @471f6664, parent loader org.eclipse.osgi.internal.loader.EquinoxClassLoader @786132d2)> (0x00000000d5e31f48) 
thrown [s\src\hotspot\share\classfile\systemDictionary.cpp, line 1673]
Event: 64.736 Thread 0x0000017064c1b070 Exception <a 'java/lang/NoSuchMethodError'{0x00000000d61809d8}: 'void java.lang.invoke.DirectMethodHandle$Holder.invokeStatic(java.lang.Object, int, java.lang.Object)'> (0x00000000d61809d8) 
thrown [s\src\hotspot\share\interpreter\linkResolver.cpp, line 773]
Event: 64.884 Thread 0x0000017064c1b070 Exception <a 'java/io/FileNotFoundException'{0x00000000d63f95f8}> (0x00000000d63f95f8) 
thrown [s\src\hotspot\share\prims\jni.cpp, line 520]
Event: 64.885 Thread 0x0000017064c1b070 Exception <a 'java/io/FileNotFoundException'{0x00000000d63fa860}> (0x00000000d63fa860) 
thrown [s\src\hotspot\share\prims\jni.cpp, line 520]
Event: 64.886 Thread 0x0000017064c1b070 Exception <a 'java/io/FileNotFoundException'{0x00000000d63fb5b8}> (0x00000000d63fb5b8) 
thrown [s\src\hotspot\share\prims\jni.cpp, line 520]

ZGC Phase Switch (0 events):
No events

VM Operations (20 events):
Event: 60.444 Executing non-safepoint VM operation: RendezvousGCThreads
Event: 60.444 Executing non-safepoint VM operation: RendezvousGCThreads done
Event: 60.541 Executing safepoint VM operation: ParallelGCFailedAllocation (Allocation Failure)
Event: 60.543 Executing safepoint VM operation: ParallelGCFailedAllocation (Allocation Failure) done
Event: 60.588 Executing non-safepoint VM operation: HandshakeAllThreads (Deoptimize)
Event: 60.593 Executing non-safepoint VM operation: HandshakeAllThreads (Deoptimize) done
Event: 60.939 Executing non-safepoint VM operation: HandshakeAllThreads (Deoptimize)
Event: 60.940 Executing non-safepoint VM operation: HandshakeAllThreads (Deoptimize) done
Event: 61.939 Executing safepoint VM operation: Cleanup
Event: 61.939 Executing safepoint VM operation: Cleanup done
Event: 62.872 Executing non-safepoint VM operation: HandshakeAllThreads (Deoptimize)
Event: 62.873 Executing non-safepoint VM operation: HandshakeAllThreads (Deoptimize) done
Event: 63.238 Executing safepoint VM operation: ParallelGCFailedAllocation (Allocation Failure)
Event: 63.247 Executing safepoint VM operation: ParallelGCFailedAllocation (Allocation Failure) done
Event: 63.432 Executing non-safepoint VM operation: HandshakeAllThreads (Deoptimize)
Event: 63.432 Executing non-safepoint VM operation: HandshakeAllThreads (Deoptimize) done
Event: 64.432 Executing safepoint VM operation: Cleanup
Event: 64.462 Executing safepoint VM operation: Cleanup done
Event: 65.468 Executing safepoint VM operation: Cleanup
Event: 65.469 Executing safepoint VM operation: Cleanup done

Memory protections (0 events):
No events

Nmethod flushes (20 events):
Event: 42.938 Thread 0x00000170072bba70 flushing  nmethod 0x000001700aa37110
Event: 42.938 Thread 0x00000170072bba70 flushing  nmethod 0x000001700aa71710
Event: 42.938 Thread 0x00000170072bba70 flushing  nmethod 0x000001700aa71f90
Event: 42.938 Thread 0x00000170072bba70 flushing  nmethod 0x000001700aa72890
Event: 42.938 Thread 0x00000170072bba70 flushing  nmethod 0x000001700aa73a90
Event: 42.938 Thread 0x00000170072bba70 flushing  nmethod 0x000001700aa74290
Event: 42.938 Thread 0x00000170072bba70 flushing  nmethod 0x000001700aa75f90
Event: 42.938 Thread 0x00000170072bba70 flushing  nmethod 0x000001700aa76490
Event: 42.938 Thread 0x00000170072bba70 flushing  nmethod 0x000001700aa76990
Event: 42.938 Thread 0x00000170072bba70 flushing  nmethod 0x000001700aa76d90
Event: 42.938 Thread 0x00000170072bba70 flushing  nmethod 0x000001700aa77210
Event: 42.938 Thread 0x00000170072bba70 flushing  nmethod 0x000001700aa77d90
Event: 42.938 Thread 0x00000170072bba70 flushing  nmethod 0x000001700aa79810
Event: 42.938 Thread 0x00000170072bba70 flushing  nmethod 0x000001700aa84290
Event: 42.938 Thread 0x00000170072bba70 flushing  nmethod 0x000001700aad3390
Event: 42.938 Thread 0x00000170072bba70 flushing  nmethod 0x000001700aad9c10
Event: 42.938 Thread 0x00000170072bba70 flushing  nmethod 0x000001700aae0210
Event: 42.938 Thread 0x00000170072bba70 flushing  nmethod 0x000001700ab28c10
Event: 42.938 Thread 0x00000170072bba70 flushing  nmethod 0x000001700ab48710
Event: 42.938 Thread 0x00000170072bba70 flushing  nmethod 0x000001700ab5c090

Events (20 events):
Event: 47.602 Thread 0x00000170072057e0 Thread added: 0x00000170640fe850
Event: 50.535 Thread 0x000001705f497730 Thread added: 0x00000170640ff570
Event: 51.056 Thread 0x000001705f495cf0 Thread added: 0x00000170640fc780
Event: 55.685 Thread 0x00000170640fc780 Thread exited: 0x00000170640fc780
Event: 55.762 Thread 0x00000170640fe850 Thread added: 0x00000170640fc0f0
Event: 55.764 Thread 0x00000170640fe850 Thread added: 0x00000170640fdb30
Event: 55.765 Thread 0x00000170640fe850 Thread added: 0x00000170640fc780
Event: 55.766 Thread 0x00000170640fe850 Thread added: 0x00000170640fce10
Event: 55.768 Thread 0x00000170640fe850 Thread added: 0x00000170640fe1c0
Event: 55.769 Thread 0x00000170640fe850 Thread added: 0x00000170640fd4a0
Event: 55.769 Thread 0x00000170640fe850 Thread added: 0x0000017064b63420
Event: 55.774 Thread 0x00000170640fe850 Thread added: 0x0000017064b69000
Event: 61.365 Thread 0x0000017064b63420 Thread exited: 0x0000017064b63420
Event: 61.365 Thread 0x00000170640fdb30 Thread exited: 0x00000170640fdb30
Event: 61.380 Thread 0x00000170640fc0f0 Thread exited: 0x00000170640fc0f0
Event: 61.381 Thread 0x00000170640fc780 Thread exited: 0x00000170640fc780
Event: 61.426 Thread 0x00000170640fe1c0 Thread exited: 0x00000170640fe1c0
Event: 61.461 Thread 0x0000017064b69000 Thread exited: 0x0000017064b69000
Event: 61.503 Thread 0x00000170640fd4a0 Thread exited: 0x00000170640fd4a0
Event: 61.536 Thread 0x00000170640fce10 Thread exited: 0x00000170640fce10


Dynamic libraries:
0x00007ff79b660000 - 0x00007ff79b66e000 	c:\Users\hp\.vscode\extensions\redhat.java-1.56.0-win32-x64\jre\21.0.12.1-win32-x86_64\bin\java.exe
0x00007ff8f99b0000 - 0x00007ff8f9ba8000 	C:\Windows\SYSTEM32\ntdll.dll
0x00007ff8f7fd0000 - 0x00007ff8f8092000 	C:\Windows\System32\KERNEL32.DLL
0x00007ff8f7620000 - 0x00007ff8f7916000 	C:\Windows\System32\KERNELBASE.dll
0x00007ff8f72b0000 - 0x00007ff8f73b0000 	C:\Windows\System32\ucrtbase.dll
0x00007ff8d8e80000 - 0x00007ff8d8e98000 	c:\Users\hp\.vscode\extensions\redhat.java-1.56.0-win32-x64\jre\21.0.12.1-win32-x86_64\bin\jli.dll
0x00007ff8f8900000 - 0x00007ff8f8aa1000 	C:\Windows\System32\USER32.dll
0x00007ff8f7160000 - 0x00007ff8f7182000 	C:\Windows\System32\win32u.dll
0x00007ff8f8dc0000 - 0x00007ff8f8deb000 	C:\Windows\System32\GDI32.dll
0x00007ff8f7040000 - 0x00007ff8f7159000 	C:\Windows\System32\gdi32full.dll
0x00007ff8f7210000 - 0x00007ff8f72ad000 	C:\Windows\System32\msvcp_win.dll
0x00007ff8d8ea0000 - 0x00007ff8d8ebe000 	c:\Users\hp\.vscode\extensions\redhat.java-1.56.0-win32-x64\jre\21.0.12.1-win32-x86_64\bin\VCRUNTIME140.dll
0x00007ff8e7c30000 - 0x00007ff8e7ecb000 	C:\Windows\WinSxS\amd64_microsoft.windows.common-controls_6595b64144ccf1df_6.0.19041.6456_none_60b8a6cb71f64256\COMCTL32.dll
0x00007ff8f97a0000 - 0x00007ff8f983e000 	C:\Windows\System32\msvcrt.dll
0x00007ff8f7f90000 - 0x00007ff8f7fbf000 	C:\Windows\System32\IMM32.DLL
0x00007ff8eee30000 - 0x00007ff8eee3c000 	c:\Users\hp\.vscode\extensions\redhat.java-1.56.0-win32-x64\jre\21.0.12.1-win32-x86_64\bin\vcruntime140_1.dll
0x00007ff8d1700000 - 0x00007ff8d178d000 	c:\Users\hp\.vscode\extensions\redhat.java-1.56.0-win32-x64\jre\21.0.12.1-win32-x86_64\bin\msvcp140.dll
0x00007ff867d70000 - 0x00007ff868b12000 	c:\Users\hp\.vscode\extensions\redhat.java-1.56.0-win32-x64\jre\21.0.12.1-win32-x86_64\bin\server\jvm.dll
0x00007ff8f9680000 - 0x00007ff8f9731000 	C:\Windows\System32\ADVAPI32.dll
0x00007ff8f8ab0000 - 0x00007ff8f8b4f000 	C:\Windows\System32\sechost.dll
0x00007ff8f9560000 - 0x00007ff8f9680000 	C:\Windows\System32\RPCRT4.dll
0x00007ff8f75f0000 - 0x00007ff8f7617000 	C:\Windows\System32\bcrypt.dll
0x00007ff8f84a0000 - 0x00007ff8f850b000 	C:\Windows\System32\WS2_32.dll
0x00007ff8f6f20000 - 0x00007ff8f6f6b000 	C:\Windows\SYSTEM32\POWRPROF.dll
0x00007ff8ed750000 - 0x00007ff8ed777000 	C:\Windows\SYSTEM32\WINMM.dll
0x00007ff8ee000000 - 0x00007ff8ee00a000 	C:\Windows\SYSTEM32\VERSION.dll
0x00007ff8f6e80000 - 0x00007ff8f6e92000 	C:\Windows\SYSTEM32\UMPDC.dll
0x00007ff8f4dd0000 - 0x00007ff8f4de2000 	C:\Windows\SYSTEM32\kernel.appcore.dll
0x00007ff8eedf0000 - 0x00007ff8eedfa000 	c:\Users\hp\.vscode\extensions\redhat.java-1.56.0-win32-x64\jre\21.0.12.1-win32-x86_64\bin\jimage.dll
0x00007ff8e8c10000 - 0x00007ff8e8e11000 	C:\Windows\SYSTEM32\DBGHELP.DLL
0x00007ff8e76e0000 - 0x00007ff8e7714000 	C:\Windows\SYSTEM32\dbgcore.DLL
0x00007ff8f73b0000 - 0x00007ff8f7432000 	C:\Windows\System32\bcryptPrimitives.dll
0x00007ff8eed80000 - 0x00007ff8eed8f000 	c:\Users\hp\.vscode\extensions\redhat.java-1.56.0-win32-x64\jre\21.0.12.1-win32-x86_64\bin\instrument.dll
0x00007ff8d8e60000 - 0x00007ff8d8e80000 	c:\Users\hp\.vscode\extensions\redhat.java-1.56.0-win32-x64\jre\21.0.12.1-win32-x86_64\bin\java.dll
0x00007ff8f8df0000 - 0x00007ff8f9560000 	C:\Windows\System32\SHELL32.dll
0x00007ff8f50b0000 - 0x00007ff8f5855000 	C:\Windows\SYSTEM32\windows.storage.dll
0x00007ff8f80a0000 - 0x00007ff8f83f4000 	C:\Windows\System32\combase.dll
0x00007ff8f6990000 - 0x00007ff8f69bb000 	C:\Windows\SYSTEM32\Wldp.dll
0x00007ff8f8cf0000 - 0x00007ff8f8dbd000 	C:\Windows\System32\OLEAUT32.dll
0x00007ff8f8850000 - 0x00007ff8f88fd000 	C:\Windows\System32\SHCORE.dll
0x00007ff8f79d0000 - 0x00007ff8f7a2b000 	C:\Windows\System32\shlwapi.dll
0x00007ff8f6f70000 - 0x00007ff8f6f94000 	C:\Windows\SYSTEM32\profapi.dll
0x00007ff8d4ac0000 - 0x00007ff8d4ad8000 	c:\Users\hp\.vscode\extensions\redhat.java-1.56.0-win32-x64\jre\21.0.12.1-win32-x86_64\bin\zip.dll
0x00007ff8e5ec0000 - 0x00007ff8e5ed0000 	C:\Users\hp\.vscode\extensions\redhat.java-1.56.0-win32-x64\jre\21.0.12.1-win32-x86_64\bin\net.dll
0x00007ff8ef500000 - 0x00007ff8ef60a000 	C:\Windows\SYSTEM32\WINHTTP.dll
0x00007ff8f66f0000 - 0x00007ff8f675a000 	C:\Windows\system32\mswsock.dll
0x00007ff8d4aa0000 - 0x00007ff8d4ab6000 	C:\Users\hp\.vscode\extensions\redhat.java-1.56.0-win32-x64\jre\21.0.12.1-win32-x86_64\bin\nio.dll
0x00007ff8e2650000 - 0x00007ff8e2660000 	c:\Users\hp\.vscode\extensions\redhat.java-1.56.0-win32-x64\jre\21.0.12.1-win32-x86_64\bin\verify.dll
0x00007ff8d2c40000 - 0x00007ff8d2c85000 	C:\Users\hp\AppData\Roaming\Code\User\globalStorage\redhat.java\1.56.0\config_win\org.eclipse.equinox.launcher\org.eclipse.equinox.launcher.win32.win32.x86_64_1.3.100.v20260804-1928\eclipse_11924.dll
0x00007ff8f9840000 - 0x00007ff8f996b000 	C:\Windows\System32\ole32.dll
0x00007ff8f68e0000 - 0x00007ff8f68f8000 	C:\Windows\SYSTEM32\CRYPTSP.dll
0x00007ff8f6010000 - 0x00007ff8f6048000 	C:\Windows\system32\rsaenh.dll
0x00007ff8f6ee0000 - 0x00007ff8f6f0e000 	C:\Windows\SYSTEM32\USERENV.dll
0x00007ff8f6900000 - 0x00007ff8f690c000 	C:\Windows\SYSTEM32\CRYPTBASE.dll
0x00007ff8f63d0000 - 0x00007ff8f640b000 	C:\Windows\SYSTEM32\IPHLPAPI.DLL
0x00007ff8f7fc0000 - 0x00007ff8f7fc8000 	C:\Windows\System32\NSI.dll
0x00007ff8d0230000 - 0x00007ff8d0279000 	C:\Users\hp\AppData\Local\Temp\jna-3336\jna7784056631248710919.dll
0x00007ff8f8570000 - 0x00007ff8f8578000 	C:\Windows\System32\PSAPI.DLL
0x00007ff8efaa0000 - 0x00007ff8efab7000 	C:\Windows\SYSTEM32\dhcpcsvc6.DLL
0x00007ff8f0270000 - 0x00007ff8f028d000 	C:\Windows\SYSTEM32\dhcpcsvc.DLL

JVMTI agents:
c:\Users\hp\.vscode\extensions\redhat.java-1.56.0-win32-x64\lombok\lombok-1.18.39-4050.jar path:c:\Users\hp\.vscode\extensions\redhat.java-1.56.0-win32-x64\jre\21.0.12.1-win32-x86_64\bin\instrument.dll, loaded, initialized, instrumentlib options:none

dbghelp: loaded successfully - version: 4.0.5 - missing functions: none
symbol engine: initialized successfully - sym options: 0x614 - pdb path: .;c:\Users\hp\.vscode\extensions\redhat.java-1.56.0-win32-x64\jre\21.0.12.1-win32-x86_64\bin;C:\Windows\SYSTEM32;C:\Windows\WinSxS\amd64_microsoft.windows.common-controls_6595b64144ccf1df_6.0.19041.6456_none_60b8a6cb71f64256;c:\Users\hp\.vscode\extensions\redhat.java-1.56.0-win32-x64\jre\21.0.12.1-win32-x86_64\bin\server;C:\Users\hp\AppData\Roaming\Code\User\globalStorage\redhat.java\1.56.0\config_win\org.eclipse.equinox.launcher\org.eclipse.equinox.launcher.win32.win32.x86_64_1.3.100.v20260804-1928;C:\Users\hp\AppData\Local\Temp\jna-3336

VM Arguments:
jvm_args: --add-modules=ALL-SYSTEM --add-opens=java.base/java.util=ALL-UNNAMED --add-opens=java.base/java.lang=ALL-UNNAMED --add-opens=java.base/sun.nio.fs=ALL-UNNAMED -Declipse.application=org.eclipse.jdt.ls.core.id1 -Dosgi.bundles.defaultStartLevel=4 -Declipse.product=org.eclipse.jdt.ls.core.product -Djava.import.generatesMetadataFilesAtProjectRoot=false -Dm2e.project.cache.size=50 -DDetectVMInstallationsJob.disabled=true -Dfile.encoding=utf8 -XX:+UseParallelGC -XX:GCTimeRatio=4 -XX:AdaptiveSizePolicyWeight=90 -Dsun.zip.disableMemoryMapping=true -Xmx2G -Xms100m -Xlog:disable -javaagent:c:\Users\hp\.vscode\extensions\redhat.java-1.56.0-win32-x64\lombok\lombok-1.18.39-4050.jar -XX:+HeapDumpOnOutOfMemoryError -XX:HeapDumpPath=c:\Users\hp\AppData\Roaming\Code\User\workspaceStorage\4b9fbf71458fac1f165e88de257f91c7\redhat.java -Daether.dependencyCollector.impl=bf 
java_command: c:\Users\hp\.vscode\extensions\redhat.java-1.56.0-win32-x64\server\plugins\org.eclipse.equinox.launcher_1.8.0.v20260804-1928.jar -configuration c:\Users\hp\AppData\Roaming\Code\User\globalStorage\redhat.java\1.56.0\config_win -data c:\Users\hp\AppData\Roaming\Code\User\workspaceStorage\4b9fbf71458fac1f165e88de257f91c7\redhat.java\jdt_ws --stdio
java_class_path (initial): c:\Users\hp\.vscode\extensions\redhat.java-1.56.0-win32-x64\server\plugins\org.eclipse.equinox.launcher_1.8.0.v20260804-1928.jar
Launcher Type: SUN_STANDARD

[Global flags]
    uintx AdaptiveSizePolicyWeight                 = 90                                        {product} {command line}
     intx CICompilerCount                          = 2                                         {product} {ergonomic}
    uintx GCTimeRatio                              = 4                                         {product} {command line}
     bool HeapDumpOnOutOfMemoryError               = true                                   {manageable} {command line}
    ccstr HeapDumpPath                             = c:\Users\hp\AppData\Roaming\Code\User\workspaceStorage\4b9fbf71458fac1f165e88de257f91c7\redhat.java         {manageable} {command line}
   size_t InitialHeapSize                          = 104857600                                 {product} {command line}
   size_t MaxHeapSize                              = 2147483648                                {product} {command line}
   size_t MaxNewSize                               = 715653120                                 {product} {ergonomic}
   size_t MinHeapDeltaBytes                        = 524288                                    {product} {ergonomic}
   size_t MinHeapSize                              = 104857600                                 {product} {command line}
   size_t NewSize                                  = 34603008                                  {product} {ergonomic}
    uintx NonNMethodCodeHeapSize                   = 5826188                                {pd product} {ergonomic}
    uintx NonProfiledCodeHeapSize                  = 122916026                              {pd product} {ergonomic}
   size_t OldSize                                  = 70254592                                  {product} {ergonomic}
    uintx ProfiledCodeHeapSize                     = 122916026                              {pd product} {ergonomic}
    uintx ReservedCodeCacheSize                    = 251658240                              {pd product} {ergonomic}
     bool SegmentedCodeCache                       = true                                      {product} {ergonomic}
   size_t SoftMaxHeapSize                          = 2147483648                             {manageable} {ergonomic}
     bool UseCompressedOops                        = true                           {product lp64_product} {ergonomic}
     bool UseLargePagesIndividualAllocation        = false                                  {pd product} {ergonomic}
     bool UseParallelGC                            = true                                      {product} {command line}

Logging:
Log output configuration:
 #0: stdout all=off uptime,level,tags foldmultilines=false
 #1: stderr all=off uptime,level,tags foldmultilines=false

Release file:
JAVA_VERSION="21.0.12.1" 
MODULES="java.base java.compiler java.datatransfer java.xml java.prefs java.desktop java.instrument java.logging java.management java.security.sasl java.naming java.rmi java.management.rmi java.net.http java.scripting java.security.jgss java.transaction.xa java.sql java.sql.rowset java.xml.crypto java.se java.smartcardio jdk.accessibility jdk.internal.jvmstat jdk.attach jdk.charsets jdk.internal.opt jdk.zipfs jdk.compiler jdk.crypto.ec jdk.crypto.cryptoki jdk.crypto.mscapi jdk.dynalink jdk.internal.ed jdk.editpad jdk.hotspot.agent jdk.httpserver jdk.internal.le jdk.internal.vm.ci jdk.internal.vm.compiler jdk.internal.vm.compiler.management jdk.jartool jdk.javadoc jdk.jcmd jdk.management jdk.management.agent jdk.jconsole jdk.jdeps jdk.jdwp.agent jdk.jdi jdk.jfr jdk.jshell jdk.jsobject jdk.jstatd jdk.localedata jdk.management.jfr jdk.naming.dns jdk.naming.rmi jdk.net jdk.nio.mapmode jdk.random jdk.sctp jdk.security.auth jdk.security.jgss jdk.unsupported jdk.unsupported.desktop jdk.xml.dom" 

Environment Variables:
PATH=C:\Program Files\Common Files\Oracle\Java\javapath;C:\Windows\system32;C:\Windows;C:\Windows\System32\Wbem;C:\Windows\System32\WindowsPowerShell\v1.0\;C:\Windows\System32\OpenSSH\;C:\MinGW\bin;C:\Program Files\Git\cmd;C:\Program Files\Git\mingw64\bin;C:\Program Files\Git\usr\bin;C:\Users\hp\AppData\Local\Programs\Python\Launcher\;C:\Users\hp\AppData\Local\Microsoft\WindowsApps;C:\MinGW\bin;C:\MinGW\bin;C:\Users\hp\AppData\Local\Programs\Microsoft VS Code\bin;C:\Program Files\Java\jdk-26.0.2\bin;
USERNAME=hp
OS=Windows_NT
PROCESSOR_IDENTIFIER=AMD64 Family 21 Model 112 Stepping 0, AuthenticAMD
TMP=C:\Users\hp\AppData\Local\Temp
TEMP=C:\Users\hp\AppData\Local\Temp




Periodic native trim disabled

---------------  S Y S T E M  ---------------

OS:
 Windows 10 , 64 bit Build 19041 (10.0.19041.5915)
OS uptime: 0 days 2:07 hours

CPU: total 2 (initial active 2) (2 cores per cpu, 1 threads per core) family 21 model 112 stepping 0 microcode 0x0, cx8, cmov, fxsr, mmx, 3dnowpref, sse, sse2, sse3, ssse3, sse4a, sse4.1, sse4.2, popcnt, lzcnt, tsc, tscinvbit, avx, avx2, aes, clmul, bmi1, bmi2, fma, vzeroupper, clflush, rdtscp, f16c
Processor Information for the first 2 processors :
  Max Mhz: 3100, Current Mhz: 3100, Mhz Limit: 3100

Memory: 4k page, system-wide physical 3983M (286M free)
TotalPageFile size 16271M (AvailPageFile size 9M)
current process WorkingSet (physical memory assigned to process): 247M, peak: 247M
current process commit charge ("private bytes"): 323M, peak: 326M

vm_info: OpenJDK 64-Bit Server VM (21.0.12.1+1-LTS) for windows-amd64 JRE (21.0.12.1+1-LTS), built on 2026-08-18T00:00:00Z by "admin" with MS VC++ 17.12 (VS2022)

END.
